#-----------------------------------------------------------
# Vivado v2024.1 (64-bit)
# SW Build 5076996 on Wed May 22 18:37:14 MDT 2024
# IP Build 5075265 on Wed May 22 21:45:21 MDT 2024
# SharedData Build 5076995 on Wed May 22 18:29:18 MDT 2024
# Start of session at: Sun Nov  2 19:36:35 2025
# Process ID: 12740
# Current directory: W:/ELEC 3500/lab6n7/Work/lab6n7/lab6n7.runs/synth_1
# Command line: vivado.exe -log uart_top.vds -product Vivado -mode batch -messageDb vivado.pb -notrace -source uart_top.tcl
# Log file: W:/ELEC 3500/lab6n7/Work/lab6n7/lab6n7.runs/synth_1/uart_top.vds
# Journal file: W:/ELEC 3500/lab6n7/Work/lab6n7/lab6n7.runs/synth_1\vivado.jou
# Running On        :mc6030-21
# Platform          :Windows Server 2016 or Windows 10
# Operating System  :22631
# Processor Detail  :13th Gen Intel(R) Core(TM) i7-13700
# CPU Frequency     :2112 MHz
# CPU Physical cores:16
# CPU Logical cores :24
# Host memory       :34063 MB
# Swap memory       :5100 MB
# Total Virtual     :39163 MB
# Available Virtual :18624 MB
#-----------------------------------------------------------
source uart_top.tcl -notrace
